// Jest Snapshot v1, https://goo.gl/fbAQLP

exports[`renders a Card 1`] = `
<div>
  <div
    class="sc-AxjAm jVZFDG"
  >
    <div
      class="sc-AxirZ eEcGbP"
    >
      <img
        alt="img movie"
        src="https://via.placeholder.com/150"
        title="Image movie"
      />
    </div>
    <div
      class="sc-AxiKw ceAJzB"
    >
      Body
    </div>
  </div>
</div>
`;
